ets Jul 29ï¿½ets Jul 29 2019 12:21:46

rst:0x1 (POWERON_RESET),boot:0x13 (SPI_FAST_FLASH_BOOT)
configsip: 0, SPIWP:0xee
clk_drv:0x00,q_drv:0x00,d_drv:0x00,cs0_drv:0x00,hd_drv:0x00,wp_drv:0x00
mode:DIO, clock div:2
load:0x3fff0030,len:7172
load:0x40078000,len:15540
load:0x40080400,len:4
ho 8 tail 4 room 4
load:0x40080404,len:3904
entry 0x40080640
[0;32mI (31) boot: ESP-IDF v5.2.1 2nd stage bootloader[0m
[0;32mI (31) boot: compile time Jun 17 2024 17:23:55[0m
[0;32mI (31) boot: Multicore bootloader[0m
[0;32mI (35) boot: chip revision: v3.1[0m
[0;32mI (39) boot.esp32: SPI Speed      : 40MHz[0m
[0;32mI (44) boot.esp32: SPI Mode       : DIO[0m
[0;32mI (48) boot.esp32: SPI Flash Size : 2MB[0m
[0;32mI (53) boot: Enabling RNG early entropy source...[0m
[0;32mI (58) boot: Partition Table:[0m
[0;32mI (62) boot: ## Label            Usage          Type ST Offset   Length[0m
[0;32mI (69) boot:  0 nvs              WiFi data        01 02 00009000 00006000[0m
[0;32mI (77) boot:  1 phy_init         RF data          01 01 0000f000 00001000[0m
[0;32mI (84) boot:  2 factory          factory app      00 00 00010000 00177000[0m
[0;32mI (92) boot: End of partition table[0m
[0;32mI (96) esp_image: segment 0: paddr=00010020 vaddr=3f400020 size=289b8h (166328) map[0m
[0;32mI (161) esp_image: segment 1: paddr=000389e0 vaddr=3ffb0000 size=03c34h ( 15412) load[0m
[0;32mI (167) esp_image: segment 2: paddr=0003c61c vaddr=40080000 size=039fch ( 14844) load[0m
[0;32mI (173) esp_image: segment 3: paddr=00040020 vaddr=400d0020 size=a9800h (694272) map[0m
[0;32mI (413) esp_image: segment 4: paddr=000e9828 vaddr=400839fc size=12c80h ( 76928) load[0m
[0;32mI (455) boot: Loaded app from partition at offset 0x10000[0m
[0;32mI (455) boot: Disabling RNG early entropy source...[0m
[0;32mI (466) cpu_start: Multicore app[0m
[0;32mI (475) cpu_start: Pro cpu start user code[0m
[0;32mI (475) cpu_start: cpu freq: 160000000 Hz[0m
[0;32mI (475) cpu_start: Application information:[0m
[0;32mI (478) cpu_start: Project name:     test_esp_smart_config[0m
[0;32mI (485) cpu_start: App version:      1[0m
[0;32mI (489) cpu_start: Compile time:     Jun 17 2024 17:23:16[0m
[0;32mI (495) cpu_start: ELF file SHA256:  515359cb6...[0m
[0;32mI (500) cpu_start: ESP-IDF:          v5.2.1[0m
[0;32mI (505) cpu_start: Min chip rev:     v0.0[0m
[0;32mI (510) cpu_start: Max chip rev:     v3.99 [0m
[0;32mI (515) cpu_start: Chip rev:         v3.1[0m
[0;32mI (520) heap_init: Initializing. RAM available for dynamic allocation:[0m
[0;32mI (527) heap_init: At 3FFAE6E0 len 00001920 (6 KiB): DRAM[0m
[0;32mI (533) heap_init: At 3FFB8558 len 00027AA8 (158 KiB): DRAM[0m
[0;32mI (539) heap_init: At 3FFE0440 len 00003AE0 (14 KiB): D/IRAM[0m
[0;32mI (545) heap_init: At 3FFE4350 len 0001BCB0 (111 KiB): D/IRAM[0m
[0;32mI (552) heap_init: At 4009667C len 00009984 (38 KiB): IRAM[0m
[0;32mI (560) spi_flash: detected chip: generic[0m
[0;32mI (563) spi_flash: flash io: dio[0m
[0;33mW (567) spi_flash: Detected size(4096k) larger than the size in the binary image header(2048k). Using the size in the binary image header.[0m
[0;32mI (581) main_task: Started on CPU0[0m
[0;32mI (591) main_task: Calling app_main()[0m
I (631) wifi:wifi driver task: 3ffc04f8, prio:23, stack:6656, core=0
I (641) wifi:wifi firmware version: a9f5b59
I (651) wifi:wifi certification version: v7.0
I (651) wifi:config NVS flash: enabled
I (651) wifi:config nano formating: disabled
I (651) wifi:Init data frame dynamic rx buffer num: 32
I (651) wifi:Init static rx mgmt buffer num: 5
I (661) wifi:Init management short buffer num: 32
I (661) wifi:Init dynamic tx buffer num: 32
I (671) wifi:Init static rx buffer size: 1600
I (671) wifi:Init static rx buffer num: 10
I (671) wifi:Init dynamic rx buffer num: 32
[0;32mI (681) wifi_init: rx ba win: 6[0m
[0;32mI (681) wifi_init: tcpip mbox: 32[0m
[0;32mI (691) wifi_init: udp mbox: 6[0m
[0;32mI (691) wifi_init: tcp mbox: 6[0m
[0;32mI (691) wifi_init: tcp tx win: 5760[0m
[0;32mI (701) wifi_init: tcp rx win: 5760[0m
[0;32mI (701) wifi_init: tcp mss: 1440[0m
[0;32mI (711) wifi_init: WiFi IRAM OP enabled[0m
[0;32mI (711) wifi_init: WiFi RX IRAM OP enabled[0m
[0;32mI (721) phy_init: phy_version 4791,2c4672b,Dec 20 2023,16:06:06[0m
I (811) wifi:mode : sta (d0:ef:76:58:7c:98)
I (811) wifi:enable tsf
[0;33mW (811) event: handler already registered, overwriting[0m
I (861) smartconfig: SC version: V3.0.1
E (861) smartconfig: smartconfig busy
ESP_ERROR_CHECK failed: esp_err_t 0xffffffff (ESP_FAIL) at 0x400d736f
file: "./main/main.c" line 197
func: ultrasonic_test
expression: esp_smartconfig_start(&cfg)

abort() was called at PC 0x400890d3 on core 1


Backtrace: 0x400817d2:0x3ffc8c80 0x400890dd:0x3ffc8ca0 0x40090895:0x3ffc8cc0 0x400890d3:0x3ffc8d30 0x400d736f:0x3ffc8d60 0x40089be9:0x3ffc8dc0




ELF file SHA256: 515359cb6

Rebooting...
ets Jul 29 2019 12:21:46

rst:0xc (SW_CPU_RESET),boot:0x13 (SPI_FAST_FLASH_BOOT)
configsip: 0, SPIWP:0xee
clk_drv:0x00,q_drv:0x00,d_drv:0x00,cs0_drv:0x00,hd_drv:0x00,wp_drv:0x00
mode:DIO, clock div:2
load:0x3fff0030,len:7172
load:0x40078000,len:15540
load:0x40080400,len:4
ho 8 tail 4 room 4
load:0x40080404,len:3904
entry 0x40080640
[0;32mI (31) boot: ESP-IDF v5.2.1 2nd stage bootloader[0m
[0;32mI (31) boot: compile time Jun 17 2024 17:23:55[0m
[0;32mI (31) boot: Multicore bootloader[0m
[0;32mI (35) boot: chip revision: v3.1[0m
[0;32mI (39) boot.esp32: SPI Speed      : 40MHz[0m
[0;32mI (44) boot.esp32: SPI Mode       : DIO[0m
[0;32mI (48) boot.esp32: SPI Flash Size : 2MB[0m
[0;32mI (53) boot: Enabling RNG early entropy source...[0m
[0;32mI (58) boot: Partition Table:[0m
[0;32mI (62) boot: ## Label            Usage          Type ST Offset   Length[0m
[0;32mI (69) boot:  0 nvs              WiFi data        01 02 00009000 00006000[0m
[0;32mI (76) boot:  1 phy_init         RF data          01 01 0000f000 00001000[0m
[0;32mI (84) boot:  2 factory          factory app      00 00 00010000 00177000[0m
[0;32mI (91) boot: End of partition table[0m
[0;32mI (96) esp_image: segment 0: paddr=00010020 vaddr=3f400020 size=289b8h (166328) map[0m
[0;32mI (161) esp_image: segment 1: paddr=000389e0 vaddr=3ffb0000 size=03c34h ( 15412) load[0m
[0;32mI (167) esp_image: segment 2: paddr=0003c61c vaddr=40080000 size=039fch ( 14844) load[0m
[0;32mI (173) esp_image: segment 3: paddr=00040020 vaddr=400d0020 size=a9800h (694272) map[0m
[0;32mI (413) esp_image: segment 4: paddr=000e9828 vaddr=400839fc size=12c80h ( 76928) load[0m
[0;32mI (455) boot: Loaded app from partition at offset 0x10000[0m
[0;32mI (455) boot: Disabling RNG early entropy source...[0m
[0;32mI (466) cpu_start: Multicore app[0m
[0;32mI (475) cpu_start: Pro cpu start user code[0m
[0;32mI (475) cpu_start: cpu freq: 160000000 Hz[0m
[0;32mI (475) cpu_start: Application information:[0m
[0;32mI (478) cpu_start: Project name:     test_esp_smart_config[0m
[0;32mI (484) cpu_start: App version:      1[0m
[0;32mI (489) cpu_start: Compile time:     Jun 17 2024 17:23:16[0m
[0;32mI (495) cpu_start: ELF file SHA256:  515359cb6...[0m
[0;32mI (500) cpu_start: ESP-IDF:          v5.2.1[0m
[0;32mI (505) cpu_start: Min chip rev:     v0.0[0m
[0;32mI (510) cpu_start: Max chip rev:     v3.99 [0m
[0;32mI (515) cpu_start: Chip rev:         v3.1[0m
[0;32mI (520) heap_init: Initializing. RAM available for dynamic allocation:[0m
[0;32mI (527) heap_init: At 3FFAE6E0 len 00001920 (6 KiB): DRAM[0m
[0;32mI (533) heap_init: At 3FFB8558 len 00027AA8 (158 KiB): DRAM[0m
[0;32mI (539) heap_init: At 3FFE0440 len 00003AE0 (14 KiB): D/IRAM[0m
[0;32mI (545) heap_init: At 3FFE4350 len 0001BCB0 (111 KiB): D/IRAM[0m
[0;32mI (552) heap_init: At 4009667C len 00009984 (38 KiB): IRAM[0m
[0;32mI (559) spi_flash: detected chip: generic[0m
[0;32mI (563) spi_flash: flash io: dio[0m
[0;33mW (566) spi_flash: Detected size(4096k) larger than the size in the binary image header(2048k). Using the size in the binary image header.[0m
[0;32mI (581) main_task: Started on CPU0[0m
[0;32mI (591) main_task: Calling app_main()[0m
I (631) wifi:wifi driver task: 3ffc04f8, prio:23, stack:6656, core=0
I (641) wifi:wifi firmware version: a9f5b59
I (651) wifi:wifi certification version: v7.0
I (651) wifi:config NVS flash: enabled
I (651) wifi:config nano formating: disabled
I (651) wifi:Init data frame dynamic rx buffer num: 32
I (651) wifi:Init static rx mgmt buffer num: 5
I (661) wifi:Init management short buffer num: 32
I (661) wifi:Init dynamic tx buffer num: 32
I (671) wifi:Init static rx buffer size: 1600
I (671) wifi:Init static rx buffer num: 10
I (671) wifi:Init dynamic rx buffer num: 32
[0;32mI (681) wifi_init: rx ba win: 6[0m
[0;32mI (681) wifi_init: tcpip mbox: 32[0m
[0;32mI (691) wifi_init: udp mbox: 6[0m
[0;32mI (691) wifi_init: tcp mbox: 6[0m
[0;32mI (691) wifi_init: tcp tx win: 5760[0m
[0;32mI (701) wifi_init: tcp rx win: 5760[0m
[0;32mI (701) wifi_init: tcp mss: 1440[0m
[0;32mI (711) wifi_init: WiFi IRAM OP enabled[0m
[0;32mI (711) wifi_init: WiFi RX IRAM OP enabled[0m
[0;32mI (721) phy_init: phy_version 4791,2c4672b,Dec 20 2023,16:06:06[0m
I (811) wifi:mode : sta (d0:ef:76:58:7c:98)
I (811) wifi:enable tsf
[0;33mW (811) event: handler already registered, overwriting[0m
I (871) smartconfig: SC version: V3.0.1
E (871) smartconfig: smartconfig busy
ESP_ERROR_CHECK failed: esp_err_t 0xffffffff (ESP_FAIL) at 0x400d736f
file: "./main/main.c" line 197
func: ultrasonic_test
expression: esp_smartconfig_start(&cfg)

abort() was called at PC 0x400890d3 on core 1


Backtrace: 0x400817d2:0x3ffc8c80 0x400890dd:0x3ffc8ca0 0x40090895:0x3ffc8cc0 0x400890d3:0x3ffc8d30 0x400d736f:0x3ffc8d60 0x40089be9:0x3ffc8dc0




ELF file SHA256: 515359cb6

Rebooting...
ets Jul 29 2019 12:21:46

rst:0xc (SW_CPU_RESET),boot:0x13 (SPI_FAST_FLASH_BOOT)
configsip: 0, SPIWP:0xee
clk_drv:0x00,q_drv:0x00,d_drv:0x00,cs0_drv:0x00,hd_drv:0x00,wp_drv:0x00
mode:DIO, clock div:2
load:0x3fff0030,len:7172
load:0x40078000,len:15540
load:0x40080400,len:4
ho 8 tail 4 room 4
load:0x40080404,len:3904
entry 0x40080640
[0;32mI (31) boot: ESP-IDF v5.2.1 2nd stage bootloader[0m
[0;32mI (31) boot: compile time Jun 17 2024 17:23:55[0m
[0;32mI (31) boot: Multicore bootloader[0m
[0;32mI (35) boot: chip revision: v3.1[0m
[0;32mI (39) boot.esp32: SPI Speed      : 40MHz[0m
[0;32mI (44) boot.esp32: SPI Mode       : DIO[0m
[0;32mI (48) boot.esp32: SPI Flash Size : 2MB[0m
[0;32mI (53) boot: Enabling RNG early entropy source...[0m
[0;32mI (58) boot: Partition Table:[0m
[0;32mI (62) boot: ## Label            Usage          Type ST Offset   Length[0m
[0;32mI (69) boot:  0 nvs              WiFi data        01 02 00009000 00006000[0m
[0;32mI (76) boot:  1 phy_init         RF data          01 01 0000f000 00001000[0m
[0;32mI (84) boot:  2 factory          factory app      00 00 00010000 00177000[0m
[0;32mI (91) boot: End of partition table[0m
[0;32mI (96) esp_image: segment 0: paddr=00010020 vaddr=3f400020 size=289b8h (166328) map[0m
[0;32mI (161) esp_image: segment 1: paddr=000389e0 vaddr=3ffb0000 size=03c34h ( 15412) load[0m
[0;32mI (167) esp_image: segment 2: paddr=0003c61c vaddr=40080000 size=039fch ( 14844) load[0m
[0;32mI (173) esp_image: segment 3: paddr=00040020 vaddr=400d0020 size=a9800h (694272) map[0m
[0;32mI (413) esp_image: segment 4: paddr=000e9828 vaddr=400839fc size=12c80h ( 76928) load[0m
[0;32mI (455) boot: Loaded app from partition at offset 0x10000[0m
[0;32mI (455) boot: Disabling RNG early entropy source...[0m
[0;32mI (466) cpu_start: Multicore app[0m
[0;32mI (475) cpu_start: Pro cpu start user code[0m
[0;32mI (475) cpu_start: cpu freq: 160000000 Hz[0m
[0;32mI (475) cpu_start: Application information:[0m
[0;32mI (478) cpu_start: Project name:     test_esp_smart_config[0m
[0;32mI (484) cpu_start: App version:      1[0m
[0;32mI (489) cpu_start: Compile time:     Jun 17 2024 17:23:16[0m
[0;32mI (495) cpu_start: ELF file SHA256:  515359cb6...[0m
[0;32mI (500) cpu_start: ESP-IDF:          v5.2.1[0m
[0;32mI (505) cpu_start: Min chip rev:     v0.0[0m
[0;32mI (510) cpu_start: Max chip rev:     v3.99 [0m
[0;32mI (515) cpu_start: Chip rev:         v3.1[0m
[0;32mI (520) heap_init: Initializing. RAM available for dynamic allocation:[0m
[0;32mI (527) heap_init: At 3FFAE6E0 len 00001920 (6 KiB): DRAM[0m
[0;32mI (533) heap_init: At 3FFB8558 len 00027AA8 (158 KiB): DRAM[0m
[0;32mI (539) heap_init: At 3FFE0440 len 00003AE0 (14 KiB): D/IRAM[0m
[0;32mI (545) heap_init: At 3FFE4350 len 0001BCB0 (111 KiB): D/IRAM[0m
[0;32mI (552) heap_init: At 4009667C len 00009984 (38 KiB): IRAM[0m
[0;32mI (559) spi_flash: detected chip: generic[0m
[0;32mI (563) spi_flash: flash io: dio[0m
[0;33mW (566) spi_flash: Detected size(4096k) larger than the size in the binary image header(2048k). Using the size in the binary image header.[0m
[0;32mI (581) main_task: Started on CPU0[0m
[0;32mI (591) main_task: Calling app_main()[0m
I (631) wifi:wifi driver task: 3ffc04f8, prio:23, stack:6656, core=0
I (651) wifi:wifi firmware version: a9f5b59
I (651) wifi:wifi certification version: v7.0
I (651) wifi:config NVS flash: enabled
I (651) wifi:config nano formating: disabled
I (651) wifi:Init data frame dynamic rx buffer num: 32
I (651) wifi:Init static rx mgmt buffer num: 5
I (661) wifi:Init management short buffer num: 32
I (661) wifi:Init dynamic tx buffer num: 32
I (671) wifi:Init static rx buffer size: 1600
I (671) wifi:Init static rx buffer num: 10
I (681) wifi:Init dynamic rx buffer num: 32
[0;32mI (681) wifi_init: rx ba win: 6[0m
[0;32mI (681) wifi_init: tcpip mbox: 32[0m
[0;32mI (691) wifi_init: udp mbox: 6[0m
[0;32mI (691) wifi_init: tcp mbox: 6[0m
[0;32mI (691) wifi_init: tcp tx win: 5760[0m
[0;32mI (701) wifi_init: tcp rx win: 5760[0m
[0;32mI (701) wifi_init: tcp mss: 1440[0m
[0;32mI (711) wifi_init: WiFi IRAM OP enabled[0m
[0;32mI (711) wifi_init: WiFi RX IRAM OP enabled[0m
[0;32mI (721) phy_init: phy_version 4791,2c4672b,Dec 20 2023,16:06:06[0m
I (811) wifi:mode : sta (d0:ef:76:58:7c:98)
I (811) wifi:enable tsf
[0;33mW (811) event: handler already registered, overwriting[0m
I (861) smartconfig: SC version: V3.0.1
E (861) smartconfig: smartconfig busy
ESP_ERROR_CHECK failed: esp_err_t 0xffffffff (ESP_FAIL) at 0x400d736f
file: "./main/main.c" line 197
func: ultrasonic_test
expression: esp_smartconfig_start(&cfg)

abort() was called at PC 0x400890d3 on core 1


Backtrace: 0x400817d2:0x3ffc8c80 0x400890dd:0x3ffc8ca0 0x40090895:0x3ffc8cc0 0x400890d3:0x3ffc8d30 0x400d736f:0x3ffc8d60 0x40089be9:0x3ffc8dc0
